<html>
<body>
<pre>
<h1>�Vision Build Log</h1>
<h2>Tool Versions:</h2>
IDE-Version: ��Vision V5.38.0.0
Copyright (C) 2022 ARM Ltd and ARM Germany GmbH. All rights reserved.
License Information: f kierin, ff, LIC=----
 
Tool Versions:
Toolchain:       MDK-Lite  Version: 5.38.0.0
Toolchain Path:  C:\Keil_v5\ARM\ARMCLANG\Bin
C Compiler:      ArmClang.exe V6.19
Assembler:       Armasm.exe V6.19
Linker/Locator:  ArmLink.exe V6.19
Library Manager: ArmAr.exe V6.19
Hex Converter:   FromElf.exe V6.19
CPU DLL:         SARMCM3.DLL V5.38.0.0
Dialog DLL:      DCM.DLL V1.17.5.0
Target DLL:      UL2CM3.DLL V1.164.8.0
Dialog DLL:      TCM.DLL V1.56.4.0
 
<h2>Project:</h2>
D:\keliProject\experience\STM32-learning-process\key_switch\key_switch.uvprojx
Project File Date:  07/10/2024

<h2>Output:</h2>
*** Using Compiler 'V6.19', folder: 'C:\Keil_v5\ARM\ARMCLANG\Bin'
Build target 'Target 1'
User/main.c(1): warning: In file included from...
./HARDWARE\./BEEP/beep.h(4): warning: In file included from...
./SYSTEM/sys\sys.h(6): warning: In file included from...
./Libraries/CMSIS/Device/ST/STM32F4xx/Include\stm32f4xx.h(11): warning: invalid UTF-8 in comment [-Winvalid-utf8]
  *              - To use or not the peripheral<92>s drivers in application code(i.e. 
                                               ^
./Libraries/CMSIS/Device/ST/STM32F4xx/Include\stm32f4xx.h(12): warning: invalid UTF-8 in comment [-Winvalid-utf8]
  *                code will be based on direct access to peripheral<92>s registers 
                                                                    ^
User/main.c(1): warning: In file included from...
./HARDWARE\./BEEP/beep.h(4): warning: In file included from...
./SYSTEM/sys\sys.h(10): warning: invalid UTF-8 in comment [-Winvalid-utf8]
 * SYS_SUPPORT_OS<D3><C3><D3>ڶ<A8><D2><E5>ϵͳ<CE>ļ<FE><BC><D0><CA>Ƿ<F1>֧<B3><D6>OS
                 ^
./SYSTEM/sys\sys.h(10): warning: invalid UTF-8 in comment [-Winvalid-utf8]
 * SYS_SUPPORT_OS<D3><C3><D3>ڶ<A8><D2><E5>ϵͳ<CE>ļ<FE><BC><D0><CA>Ƿ<F1>֧<B3><D6>OS
                              ^
./SYSTEM/sys\sys.h(10): warning: invalid UTF-8 in comment [-Winvalid-utf8]
 * SYS_SUPPORT_OS<D3><C3><D3>ڶ<A8><D2><E5>ϵͳ<CE>ļ<FE><BC><D0><CA>Ƿ<F1>֧<B3><D6>OS
                                            ^
./SYSTEM/sys\sys.h(10): warning: invalid UTF-8 in comment [-Winvalid-utf8]
 * SYS_SUPPORT_OS<D3><C3><D3>ڶ<A8><D2><E5>ϵͳ<CE>ļ<FE><BC><D0><CA>Ƿ<F1>֧<B3><D6>OS
                                                 ^
./SYSTEM/sys\sys.h(10): warning: invalid UTF-8 in comment [-Winvalid-utf8]
 * SYS_SUPPORT_OS<D3><C3><D3>ڶ<A8><D2><E5>ϵͳ<CE>ļ<FE><BC><D0><CA>Ƿ<F1>֧<B3><D6>OS
                                                                  ^
./SYSTEM/sys\sys.h(10): warning: invalid UTF-8 in comment [-Winvalid-utf8]
 * SYS_SUPPORT_OS<D3><C3><D3>ڶ<A8><D2><E5>ϵͳ<CE>ļ<FE><BC><D0><CA>Ƿ<F1>֧<B3><D6>OS
                                                                      ^
./SYSTEM/sys\sys.h(11): warning: invalid UTF-8 in comment [-Winvalid-utf8]
 * 0,<B2><BB>֧<B3><D6>OS
     ^
./SYSTEM/sys\sys.h(11): warning: invalid UTF-8 in comment [-Winvalid-utf8]
 * 0,<B2><BB>֧<B3><D6>OS
             ^
./SYSTEM/sys\sys.h(12): warning: invalid UTF-8 in comment [-Winvalid-utf8]
 * 1,֧<B3><D6>OS
     ^
./SYSTEM/sys\sys.h(17): warning: invalid UTF-8 in comment [-Winvalid-utf8]
/* sys_nvic_ex_configר<D3>ú궨<D2><E5> */
                      ^
./SYSTEM/sys\sys.h(17): warning: invalid UTF-8 in comment [-Winvalid-utf8]
/* sys_nvic_ex_configר<D3>ú궨<D2><E5> */
                             ^
./SYSTEM/sys\sys.h(18): warning: invalid UTF-8 in comment [-Winvalid-utf8]
#define SYS_GPIO_FTIR               1       /* <CF>½<B5><D1>ش<A5><B7><A2> */
                                               ^
./SYSTEM/sys\sys.h(18): warning: invalid UTF-8 in comment [-Winvalid-utf8]
#define SYS_GPIO_FTIR               1       /* <CF>½<B5><D1>ش<A5><B7><A2> */
                                                    ^
./SYSTEM/sys\sys.h(18): warning: invalid UTF-8 in comment [-Winvalid-utf8]
#define SYS_GPIO_FTIR               1       /* <CF>½<B5><D1>ش<A5><B7><A2> */
                                                             ^
./SYSTEM/sys\sys.h(19): warning: invalid UTF-8 in comment [-Winvalid-utf8]
#define SYS_GPIO_RTIR               2       /* <C9><CF><C9><FD><D1>ش<A5><B7><A2> */
                                               ^
./SYSTEM/sys\sys.h(19): warning: invalid UTF-8 in comment [-Winvalid-utf8]
#define SYS_GPIO_RTIR               2       /* <C9><CF><C9><FD><D1>ش<A5><B7><A2> */
                                                                    ^
./SYSTEM/sys\sys.h(20): warning: invalid UTF-8 in comment [-Winvalid-utf8]
#define SYS_GPIO_BTIR               3       /* <C8><CE><D2><E2><B1><DF><D1>ش<A5><B7><A2> */
                                               ^
./SYSTEM/sys\sys.h(20): warning: invalid UTF-8 in comment [-Winvalid-utf8]
#define SYS_GPIO_BTIR               3       /* <C8><CE><D2><E2><B1><DF><D1>ش<A5><B7><A2> */
                                                                            ^
./SYSTEM/sys\sys.h(22): warning: invalid UTF-8 in comment [-Winvalid-utf8]
/* GPIO<C9><E8><D6><C3>ר<D3>ú궨<D2><E5> */
       ^
./SYSTEM/sys\sys.h(22): warning: invalid UTF-8 in comment [-Winvalid-utf8]
/* GPIO<C9><E8><D6><C3>ר<D3>ú궨<D2><E5> */
                        ^
./SYSTEM/sys\sys.h(22): warning: invalid UTF-8 in comment [-Winvalid-utf8]
/* GPIO<C9><E8><D6><C3>ר<D3>ú궨<D2><E5> */
                               ^
./SYSTEM/sys\sys.h(23): warning: invalid UTF-8 in comment [-Winvalid-utf8]
#define SYS_GPIO_MODE_IN            0       /* <C6><D5>ͨ<CA><E4><C8><EB>ģʽ */
                                               ^
./SYSTEM/sys\sys.h(23): warning: invalid UTF-8 in comment [-Winvalid-utf8]
#define SYS_GPIO_MODE_IN            0       /* <C6><D5>ͨ<CA><E4><C8><EB>ģʽ */
                                                       ^
./SYSTEM/sys\sys.h(24): warning: invalid UTF-8 in comment [-Winvalid-utf8]
#define SYS_GPIO_MODE_OUT           1       /* <C6><D5>ͨ<CA><E4><B3><F6>ģʽ */
                                               ^
./SYSTEM/sys\sys.h(24): warning: invalid UTF-8 in comment [-Winvalid-utf8]
#define SYS_GPIO_MODE_OUT           1       /* <C6><D5>ͨ<CA><E4><B3><F6>ģʽ */
                                                       ^
./SYSTEM/sys\sys.h(25): warning: invalid UTF-8 in comment [-Winvalid-utf8]
#define SYS_GPIO_MODE_AF            2       /* AF<B9><A6><C4><DC>ģʽ */
                                                 ^
./SYSTEM/sys\sys.h(26): warning: invalid UTF-8 in comment [-Winvalid-utf8]
#define SYS_GPIO_MODE_AIN           3       /* ģ<C4><E2><CA><E4><C8><EB>ģʽ */
                                                ^
./SYSTEM/sys\sys.h(28): warning: invalid UTF-8 in comment [-Winvalid-utf8]
#define SYS_GPIO_SPEED_LOW          0       /* GPIO<CB>ٶ<C8>(<B5><CD><CB><D9>,2M) */
                                                   ^
./SYSTEM/sys\sys.h(28): warning: invalid UTF-8 in comment [-Winvalid-utf8]
#define SYS_GPIO_SPEED_LOW          0       /* GPIO<CB>ٶ<C8>(<B5><CD><CB><D9>,2M) */
                                                        ^
./SYSTEM/sys\sys.h(28): warning: invalid UTF-8 in comment [-Winvalid-utf8]
#define SYS_GPIO_SPEED_LOW          0       /* GPIO<CB>ٶ<C8>(<B5><CD><CB><D9>,2M) */
                                                             ^
./SYSTEM/sys\sys.h(29): warning: invalid UTF-8 in comment [-Winvalid-utf8]
#define SYS_GPIO_SPEED_MID          1       /* GPIO<CB>ٶ<C8>(<D6><D0><CB><D9>,25M) */
                                                   ^
./SYSTEM/sys\sys.h(29): warning: invalid UTF-8 in comment [-Winvalid-utf8]
#define SYS_GPIO_SPEED_MID          1       /* GPIO<CB>ٶ<C8>(<D6><D0><CB><D9>,25M) */
                                                        ^
./SYSTEM/sys\sys.h(29): warning: invalid UTF-8 in comment [-Winvalid-utf8]
#define SYS_GPIO_SPEED_MID          1       /* GPIO<CB>ٶ<C8>(<D6><D0><CB><D9>,25M) */
                                                             ^
./SYSTEM/sys\sys.h(30): warning: invalid UTF-8 in comment [-Winvalid-utf8]
#define SYS_GPIO_SPEED_FAST         2       /* GPIO<CB>ٶ<C8>(<BF><EC><CB><D9>,50M) */
                                                   ^
./SYSTEM/sys\sys.h(30): warning: invalid UTF-8 in comment [-Winvalid-utf8]
#define SYS_GPIO_SPEED_FAST         2       /* GPIO<CB>ٶ<C8>(<BF><EC><CB><D9>,50M) */
                                                        ^
./SYSTEM/sys\sys.h(30): warning: invalid UTF-8 in comment [-Winvalid-utf8]
#define SYS_GPIO_SPEED_FAST         2       /* GPIO<CB>ٶ<C8>(<BF><EC><CB><D9>,50M) */
                                                             ^
./SYSTEM/sys\sys.h(31): warning: invalid UTF-8 in comment [-Winvalid-utf8]
#define SYS_GPIO_SPEED_HIGH         3       /* GPIO<CB>ٶ<C8>(<B8><DF><CB><D9>,100M) */
                                                   ^
./SYSTEM/sys\sys.h(31): warning: invalid UTF-8 in comment [-Winvalid-utf8]
#define SYS_GPIO_SPEED_HIGH         3       /* GPIO<CB>ٶ<C8>(<B8><DF><CB><D9>,100M) */
                                                        ^
./SYSTEM/sys\sys.h(31): warning: invalid UTF-8 in comment [-Winvalid-utf8]
#define SYS_GPIO_SPEED_HIGH         3       /* GPIO<CB>ٶ<C8>(<B8><DF><CB><D9>,100M) */
                                                             ^
./SYSTEM/sys\sys.h(33): warning: invalid UTF-8 in comment [-Winvalid-utf8]
#define SYS_GPIO_PUPD_NONE          0       /* <B2><BB><B4><F8><C9><CF><CF><C2><C0><AD> */
                                               ^
./SYSTEM/sys\sys.h(34): warning: invalid UTF-8 in comment [-Winvalid-utf8]
#define SYS_GPIO_PUPD_PU            1       /* <C9><CF><C0><AD> */
                                               ^
./SYSTEM/sys\sys.h(35): warning: invalid UTF-8 in comment [-Winvalid-utf8]
#define SYS_GPIO_PUPD_PD            2       /* <CF><C2><C0><AD> */
                                               ^
./SYSTEM/sys\sys.h(36): warning: invalid UTF-8 in comment [-Winvalid-utf8]
#define SYS_GPIO_PUPD_RES           3       /* <B1><A3><C1><F4> */
                                               ^
./SYSTEM/sys\sys.h(38): warning: invalid UTF-8 in comment [-Winvalid-utf8]
#define SYS_GPIO_OTYPE_PP           0       /* <CD><C6><CD><EC><CA><E4><B3><F6> */
                                               ^
./SYSTEM/sys\sys.h(39): warning: invalid UTF-8 in comment [-Winvalid-utf8]
#define SYS_GPIO_OTYPE_OD           1       /* <BF><AA>©<CA><E4><B3><F6> */
                                               ^
./SYSTEM/sys\sys.h(39): warning: invalid UTF-8 in comment [-Winvalid-utf8]
#define SYS_GPIO_OTYPE_OD           1       /* <BF><AA>©<CA><E4><B3><F6> */
                                                        ^
./SYSTEM/sys\sys.h(41): warning: invalid UTF-8 in comment [-Winvalid-utf8]
/* GPIO<D2><FD><BD><C5>λ<D6>ú궨<D2><E5>  */
       ^
./SYSTEM/sys\sys.h(41): warning: invalid UTF-8 in comment [-Winvalid-utf8]
/* GPIO<D2><FD><BD><C5>λ<D6>ú궨<D2><E5>  */
                        ^
./SYSTEM/sys\sys.h(41): warning: invalid UTF-8 in comment [-Winvalid-utf8]
/* GPIO<D2><FD><BD><C5>λ<D6>ú궨<D2><E5>  */
                               ^
./SYSTEM/sys\sys.h(60): warning: invalid UTF-8 in comment [-Winvalid-utf8]
/*<BA><AF><CA><FD><C9><EA><C3><F7>*******************************************************************************************/
  ^
./SYSTEM/sys\sys.h(61): warning: invalid UTF-8 in comment [-Winvalid-utf8]
/* <BE><B2>̬<BA><AF><CA><FD>(<BD><F6><D4><DA>sys.c<C0><EF><C3><E6><D3>õ<BD>) */
   ^
./SYSTEM/sys\sys.h(61): warning: invalid UTF-8 in comment [-Winvalid-utf8]
/* <BE><B2>̬<BA><AF><CA><FD>(<BD><F6><D4><DA>sys.c<C0><EF><C3><E6><D3>õ<BD>) */
           ^
./SYSTEM/sys\sys.h(61): warning: invalid UTF-8 in comment [-Winvalid-utf8]
/* <BE><B2>̬<BA><AF><CA><FD>(<BD><F6><D4><DA>sys.c<C0><EF><C3><E6><D3>õ<BD>) */
                            ^
./SYSTEM/sys\sys.h(61): warning: invalid UTF-8 in comment [-Winvalid-utf8]
/* <BE><B2>̬<BA><AF><CA><FD>(<BD><F6><D4><DA>sys.c<C0><EF><C3><E6><D3>õ<BD>) */
                                                 ^
./SYSTEM/sys\sys.h(61): warning: invalid UTF-8 in comment [-Winvalid-utf8]
/* <BE><B2>̬<BA><AF><CA><FD>(<BD><F6><D4><DA>sys.c<C0><EF><C3><E6><D3>õ<BD>) */
                                                                      ^
./SYSTEM/sys\sys.h(62): warning: invalid UTF-8 in comment [-Winvalid-utf8]
static void sys_nvic_priority_group_config(uint8_t group);                      /* <C9><E8><D6><C3>NVIC<B7><D6><D7><E9> */
                                                                                   ^
./SYSTEM/sys\sys.h(62): warning: invalid UTF-8 in comment [-Winvalid-utf8]
static void sys_nvic_priority_group_config(uint8_t group);                      /* <C9><E8><D6><C3>NVIC<B7><D6><D7><E9> */
                                                                                                       ^
./SYSTEM/sys\sys.h(65): warning: invalid UTF-8 in comment [-Winvalid-utf8]
/* <C6><D5>ͨ<BA><AF><CA><FD> */
   ^
./SYSTEM/sys\sys.h(65): warning: invalid UTF-8 in comment [-Winvalid-utf8]
/* <C6><D5>ͨ<BA><AF><CA><FD> */
           ^
./SYSTEM/sys\sys.h(66): warning: invalid UTF-8 in comment [-Winvalid-utf8]
void sys_nvic_set_vector_table(uint32_t baseaddr, uint32_t offset);             /* <C9><E8><D6><C3><D6>ж<CF>ƫ<D2><C6><C1><BF> */
                                                                                   ^
./SYSTEM/sys\sys.h(66): warning: invalid UTF-8 in comment [-Winvalid-utf8]
void sys_nvic_set_vector_table(uint32_t baseaddr, uint32_t offset);             /* <C9><E8><D6><C3><D6>ж<CF>ƫ<D2><C6><C1><BF> */
                                                                                                        ^
./SYSTEM/sys\sys.h(66): warning: invalid UTF-8 in comment [-Winvalid-utf8]
void sys_nvic_set_vector_table(uint32_t baseaddr, uint32_t offset);             /* <C9><E8><D6><C3><D6>ж<CF>ƫ<D2><C6><C1><BF> */
                                                                                                             ^
./SYSTEM/sys\sys.h(67): warning: invalid UTF-8 in comment [-Winvalid-utf8]
void sys_nvic_init(uint8_t pprio, uint8_t sprio, uint8_t ch, uint8_t group);    /* <C9><E8><D6><C3>NVIC */
                                                                                   ^
./SYSTEM/sys\sys.h(68): warning: invalid UTF-8 in comment [-Winvalid-utf8]
void sys_nvic_ex_config(GPIO_TypeDef *p_gpiox, uint16_t pinx, uint8_t tmode);   /* <CD>ⲿ<D6>ж<CF><C5><E4><D6>ú<AF><CA><FD>,ֻ<D5><EB><B6><D4>GPIOA~GPIOK */
                                                                                   ^
./SYSTEM/sys\sys.h(68): warning: invalid UTF-8 in comment [-Winvalid-utf8]
void sys_nvic_ex_config(GPIO_TypeDef *p_gpiox, uint16_t pinx, uint8_t tmode);   /* <CD>ⲿ<D6>ж<CF><C5><E4><D6>ú<AF><CA><FD>,ֻ<D5><EB><B6><D4>GPIOA~GPIOK */
                                                                                        ^
./SYSTEM/sys\sys.h(68): warning: invalid UTF-8 in comment [-Winvalid-utf8]
void sys_nvic_ex_config(GPIO_TypeDef *p_gpiox, uint16_t pinx, uint8_t tmode);   /* <CD>ⲿ<D6>ж<CF><C5><E4><D6>ú<AF><CA><FD>,ֻ<D5><EB><B6><D4>GPIOA~GPIOK */
                                                                                             ^
./SYSTEM/sys\sys.h(68): warning: invalid UTF-8 in comment [-Winvalid-utf8]
void sys_nvic_ex_config(GPIO_TypeDef *p_gpiox, uint16_t pinx, uint8_t tmode);   /* <CD>ⲿ<D6>ж<CF><C5><E4><D6>ú<AF><CA><FD>,ֻ<D5><EB><B6><D4>GPIOA~GPIOK */
                                                                                                              ^
./SYSTEM/sys\sys.h(68): warning: invalid UTF-8 in comment [-Winvalid-utf8]
void sys_nvic_ex_config(GPIO_TypeDef *p_gpiox, uint16_t pinx, uint8_t tmode);   /* <CD>ⲿ<D6>ж<CF><C5><E4><D6>ú<AF><CA><FD>,ֻ<D5><EB><B6><D4>GPIOA~GPIOK */
                                                                                                                           ^
./SYSTEM/sys\sys.h(69): warning: invalid UTF-8 in comment [-Winvalid-utf8]
void sys_gpio_af_set(GPIO_TypeDef *gpiox, uint16_t pinx, uint8_t afx);          /* GPIO<B8><B4><D3>ù<A6><C4><DC>ѡ<D4><F1><C9><E8><D6><C3>  */
                                                                                       ^
./SYSTEM/sys\sys.h(69): warning: invalid UTF-8 in comment [-Winvalid-utf8]
void sys_gpio_af_set(GPIO_TypeDef *gpiox, uint16_t pinx, uint8_t afx);          /* GPIO<B8><B4><D3>ù<A6><C4><DC>ѡ<D4><F1><C9><E8><D6><C3>  */
                                                                                                    ^
./SYSTEM/sys\sys.h(69): warning: invalid UTF-8 in comment [-Winvalid-utf8]
void sys_gpio_af_set(GPIO_TypeDef *gpiox, uint16_t pinx, uint8_t afx);          /* GPIO<B8><B4><D3>ù<A6><C4><DC>ѡ<D4><F1><C9><E8><D6><C3>  */
                                                                                                                 ^
./SYSTEM/sys\sys.h(71): warning: invalid UTF-8 in comment [-Winvalid-utf8]
                  uint32_t otype, uint32_t ospeed, uint32_t pupd);              /*  GPIOͨ<D3><C3><C9><E8><D6><C3> */
                                                                                        ^
./SYSTEM/sys\sys.h(73): warning: invalid UTF-8 in comment [-Winvalid-utf8]
void sys_gpio_pin_set(GPIO_TypeDef *p_gpiox, uint16_t pinx, uint8_t status);    /* <C9><E8><D6><C3>GPIOĳ<B8><F6><D2><FD><BD>ŵ<C4><CA><E4><B3><F6>״̬ */
                                                                                   ^
./SYSTEM/sys\sys.h(73): warning: invalid UTF-8 in comment [-Winvalid-utf8]
void sys_gpio_pin_set(GPIO_TypeDef *p_gpiox, uint16_t pinx, uint8_t status);    /* <C9><E8><D6><C3>GPIOĳ<B8><F6><D2><FD><BD>ŵ<C4><CA><E4><B3><F6>״̬ */
                                                                                                        ^
./SYSTEM/sys\sys.h(73): warning: invalid UTF-8 in comment [-Winvalid-utf8]
void sys_gpio_pin_set(GPIO_TypeDef *p_gpiox, uint16_t pinx, uint8_t status);    /* <C9><E8><D6><C3>GPIOĳ<B8><F6><D2><FD><BD>ŵ<C4><CA><E4><B3><F6>״̬ */
                                                                                                                             ^
./SYSTEM/sys\sys.h(74): warning: invalid UTF-8 in comment [-Winvalid-utf8]
uint8_t sys_gpio_pin_get(GPIO_TypeDef *p_gpiox, uint16_t pinx);                 /* <B6><C1>ȡGPIOĳ<B8><F6><D2><FD><BD>ŵ<C4>״̬ */
                                                                                   ^
./SYSTEM/sys\sys.h(74): warning: invalid UTF-8 in comment [-Winvalid-utf8]
uint8_t sys_gpio_pin_get(GPIO_TypeDef *p_gpiox, uint16_t pinx);                 /* <B6><C1>ȡGPIOĳ<B8><F6><D2><FD><BD>ŵ<C4>״̬ */
                                                                                                 ^
./SYSTEM/sys\sys.h(74): warning: invalid UTF-8 in comment [-Winvalid-utf8]
uint8_t sys_gpio_pin_get(GPIO_TypeDef *p_gpiox, uint16_t pinx);                 /* <B6><C1>ȡGPIOĳ<B8><F6><D2><FD><BD>ŵ<C4>״̬ */
                                                                                                                      ^
./SYSTEM/sys\sys.h(75): warning: invalid UTF-8 in comment [-Winvalid-utf8]
void sys_standby(void);         /* <BD><F8><C8><EB><B4><FD><BB><FA>ģʽ */
                                   ^
./SYSTEM/sys\sys.h(76): warning: invalid UTF-8 in comment [-Winvalid-utf8]
void sys_soft_reset(void);      /* ϵͳ<C8><ED><B8><B4>λ */
                                     ^
./SYSTEM/sys\sys.h(78): warning: invalid UTF-8 in comment [-Winvalid-utf8]
uint8_t sys_clock_set(uint32_t plln, uint32_t pllm, uint32_t pllp, uint32_t pllq);      /* ʱ<D6><D3><C9><E8><D6>ú<AF><CA><FD> */
                                                                                            ^
./SYSTEM/sys\sys.h(78): warning: invalid UTF-8 in comment [-Winvalid-utf8]
uint8_t sys_clock_set(uint32_t plln, uint32_t pllm, uint32_t pllp, uint32_t pllq);      /* ʱ<D6><D3><C9><E8><D6>ú<AF><CA><FD> */
                                                                                                                 ^
./SYSTEM/sys\sys.h(79): warning: invalid UTF-8 in comment [-Winvalid-utf8]
void sys_stm32_clock_init(uint32_t plln, uint32_t pllm, uint32_t pllp, uint32_t pllq);  /* ϵͳʱ<D6>ӳ<F5>ʼ<BB><AF><BA><AF><CA><FD> */
                                                                                              ^
./SYSTEM/sys\sys.h(79): warning: invalid UTF-8 in comment [-Winvalid-utf8]
void sys_stm32_clock_init(uint32_t plln, uint32_t pllm, uint32_t pllp, uint32_t pllq);  /* ϵͳʱ<D6>ӳ<F5>ʼ<BB><AF><BA><AF><CA><FD> */
                                                                                                   ^
./SYSTEM/sys\sys.h(79): warning: invalid UTF-8 in comment [-Winvalid-utf8]
void sys_stm32_clock_init(uint32_t plln, uint32_t pllm, uint32_t pllp, uint32_t pllq);  /* ϵͳʱ<D6>ӳ<F5>ʼ<BB><AF><BA><AF><CA><FD> */
                                                                                                        ^
./SYSTEM/sys\sys.h(80): warning: invalid UTF-8 in comment [-Winvalid-utf8]
void sys_qspi_enable_memmapmode(uint8_t ftype); /* QSPI<BD><F8><C8><EB><C4>ڴ<E6>ӳ<C9><E4>ģʽ */
                                                       ^
./SYSTEM/sys\sys.h(80): warning: invalid UTF-8 in comment [-Winvalid-utf8]
void sys_qspi_enable_memmapmode(uint8_t ftype); /* QSPI<BD><F8><C8><EB><C4>ڴ<E6>ӳ<C9><E4>ģʽ */
                                                                            ^
./SYSTEM/sys\sys.h(80): warning: invalid UTF-8 in comment [-Winvalid-utf8]
void sys_qspi_enable_memmapmode(uint8_t ftype); /* QSPI<BD><F8><C8><EB><C4>ڴ<E6>ӳ<C9><E4>ģʽ */
                                                                                 ^
./SYSTEM/sys\sys.h(82): warning: invalid UTF-8 in comment [-Winvalid-utf8]
/* <D2><D4><CF><C2>Ϊ<BB><E3><B1>ຯ<CA><FD> */
   ^
./SYSTEM/sys\sys.h(82): warning: invalid UTF-8 in comment [-Winvalid-utf8]
/* <D2><D4><CF><C2>Ϊ<BB><E3><B1>ຯ<CA><FD> */
                    ^
./SYSTEM/sys\sys.h(82): warning: invalid UTF-8 in comment [-Winvalid-utf8]
/* <D2><D4><CF><C2>Ϊ<BB><E3><B1>ຯ<CA><FD> */
                                 ^
./SYSTEM/sys\sys.h(83): warning: invalid UTF-8 in comment [-Winvalid-utf8]
void sys_wfi_set(void);             /* ִ<D0><D0>WFIָ<C1><EE> */
                                       ^
./SYSTEM/sys\sys.h(83): warning: invalid UTF-8 in comment [-Winvalid-utf8]
void sys_wfi_set(void);             /* ִ<D0><D0>WFIָ<C1><EE> */
                                                  ^
./SYSTEM/sys\sys.h(84): warning: invalid UTF-8 in comment [-Winvalid-utf8]
void sys_intx_disable(void);        /* <B9>ر<D5><CB><F9><D3><D0><D6>ж<CF> */
                                       ^
./SYSTEM/sys\sys.h(84): warning: invalid UTF-8 in comment [-Winvalid-utf8]
void sys_intx_disable(void);        /* <B9>ر<D5><CB><F9><D3><D0><D6>ж<CF> */
                                            ^
./SYSTEM/sys\sys.h(84): warning: invalid UTF-8 in comment [-Winvalid-utf8]
void sys_intx_disable(void);        /* <B9>ر<D5><CB><F9><D3><D0><D6>ж<CF> */
                                                                     ^
./SYSTEM/sys\sys.h(85): warning: invalid UTF-8 in comment [-Winvalid-utf8]
void sys_intx_enable(void);         /* <BF><AA><C6><F4><CB><F9><D3><D0><D6>ж<CF> */
                                       ^
./SYSTEM/sys\sys.h(85): warning: invalid UTF-8 in comment [-Winvalid-utf8]
void sys_intx_enable(void);         /* <BF><AA><C6><F4><CB><F9><D3><D0><D6>ж<CF> */
                                                                            ^
./SYSTEM/sys\sys.h(86): warning: invalid UTF-8 in comment [-Winvalid-utf8]
void sys_msr_msp(uint32_t addr);    /* <C9><E8><D6><C3>ջ<B6><A5><B5><D8>ַ */
                                       ^
./SYSTEM/sys\sys.h(86): warning: invalid UTF-8 in comment [-Winvalid-utf8]
void sys_msr_msp(uint32_t addr);    /* <C9><E8><D6><C3>ջ<B6><A5><B5><D8>ַ */
                                                        ^
User/main.c(1): warning: In file included from...
./HARDWARE\./BEEP/beep.h(6): warning: // comments are not allowed in this language [-Wcomment]
//引脚定义
^
User/main.c(2): warning: In file included from...
./HARDWARE\./KEY/key.h(8): warning: // comments are not allowed in this language [-Wcomment]
//引脚定义
^
User/main.c(3): warning: In file included from...
./HARDWARE\./LED/led.h(6): warning: // comments are not allowed in this language [-Wcomment]
//引脚定义
^
User/main.c(5): warning: In file included from...
./SYSTEM/delay\delay.h(8): warning: invalid UTF-8 in comment [-Winvalid-utf8]
void delay_init(uint16_t sysclk);   /* <B3><F5>ʼ<BB><AF><D1>ӳٺ<AF><CA><FD> */
                                       ^
./SYSTEM/delay\delay.h(8): warning: invalid UTF-8 in comment [-Winvalid-utf8]
void delay_init(uint16_t sysclk);   /* <B3><F5>ʼ<BB><AF><D1>ӳٺ<AF><CA><FD> */
                                                ^
./SYSTEM/delay\delay.h(8): warning: invalid UTF-8 in comment [-Winvalid-utf8]
void delay_init(uint16_t sysclk);   /* <B3><F5>ʼ<BB><AF><D1>ӳٺ<AF><CA><FD> */
                                                              ^
./SYSTEM/delay\delay.h(9): warning: invalid UTF-8 in comment [-Winvalid-utf8]
void delay_ms(uint16_t nms);        /* <D1><D3>ʱnms */
                                       ^
./SYSTEM/delay\delay.h(10): warning: invalid UTF-8 in comment [-Winvalid-utf8]
void delay_us(uint32_t nus);        /* <D1><D3>ʱnus */
                                       ^
User/main.c(7): warning: In file included from...
./SYSTEM/usart\usart.h(11): warning: invalid UTF-8 in comment [-Winvalid-utf8]
/* <D2><FD><BD><C5> <BA><CD> <B4><AE><BF><DA> <B6><A8><D2><E5> 
   ^
./SYSTEM/usart\usart.h(11): warning: invalid UTF-8 in comment [-Winvalid-utf8]
/* <D2><FD><BD><C5> <BA><CD> <B4><AE><BF><DA> <B6><A8><D2><E5> 
                    ^
./SYSTEM/usart\usart.h(11): warning: invalid UTF-8 in comment [-Winvalid-utf8]
/* <D2><FD><BD><C5> <BA><CD> <B4><AE><BF><DA> <B6><A8><D2><E5> 
                             ^
./SYSTEM/usart\usart.h(11): warning: invalid UTF-8 in comment [-Winvalid-utf8]
/* <D2><FD><BD><C5> <BA><CD> <B4><AE><BF><DA> <B6><A8><D2><E5> 
                                              ^
./SYSTEM/usart\usart.h(12): warning: invalid UTF-8 in comment [-Winvalid-utf8]
 * Ĭ<C8><CF><CA><C7><D5><EB><B6><D4>USART1<B5><C4>.
    ^
./SYSTEM/usart\usart.h(12): warning: invalid UTF-8 in comment [-Winvalid-utf8]
 * Ĭ<C8><CF><CA><C7><D5><EB><B6><D4>USART1<B5><C4>.
                                          ^
./SYSTEM/usart\usart.h(13): warning: invalid UTF-8 in comment [-Winvalid-utf8]
 * ע<D2><E2>: ͨ<B9><FD><D0><U+07B8><C4><D5><E2>12<B8><F6><BA>궨<D2><E5>,<BF><C9><D2><D4>֧<B3><D6>USART1~UART7<C8><CE><D2><E2>һ<B8><F6><B4><AE><BF><DA>.
    ^
./SYSTEM/usart\usart.h(13): warning: invalid UTF-8 in comment [-Winvalid-utf8]
 * ע<D2><E2>: ͨ<B9><FD><D0><U+07B8><C4><D5><E2>12<B8><F6><BA>궨<D2><E5>,<BF><C9><D2><D4>֧<B3><D6>USART1~UART7<C8><CE><D2><E2>һ<B8><F6><B4><AE><BF><DA>.
              ^
./SYSTEM/usart\usart.h(13): warning: invalid UTF-8 in comment [-Winvalid-utf8]
 * ע<D2><E2>: ͨ<B9><FD><D0><U+07B8><C4><D5><E2>12<B8><F6><BA>궨<D2><E5>,<BF><C9><D2><D4>֧<B3><D6>USART1~UART7<C8><CE><D2><E2>һ<B8><F6><B4><AE><BF><DA>.
                                  ^
./SYSTEM/usart\usart.h(13): warning: invalid UTF-8 in comment [-Winvalid-utf8]
 * ע<D2><E2>: ͨ<B9><FD><D0><U+07B8><C4><D5><E2>12<B8><F6><BA>궨<D2><E5>,<BF><C9><D2><D4>֧<B3><D6>USART1~UART7<C8><CE><D2><E2>һ<B8><F6><B4><AE><BF><DA>.
                                                ^
./SYSTEM/usart\usart.h(13): warning: invalid UTF-8 in comment [-Winvalid-utf8]
 * ע<D2><E2>: ͨ<B9><FD><D0><U+07B8><C4><D5><E2>12<B8><F6><BA>궨<D2><E5>,<BF><C9><D2><D4>֧<B3><D6>USART1~UART7<C8><CE><D2><E2>һ<B8><F6><B4><AE><BF><DA>.
                                                              ^
./SYSTEM/usart\usart.h(13): warning: invalid UTF-8 in comment [-Winvalid-utf8]
 * ע<D2><E2>: ͨ<B9><FD><D0><U+07B8><C4><D5><E2>12<B8><F6><BA>궨<D2><E5>,<BF><C9><D2><D4>֧<B3><D6>USART1~UART7<C8><CE><D2><E2>һ<B8><F6><B4><AE><BF><DA>.
                                                                       ^
./SYSTEM/usart\usart.h(13): warning: invalid UTF-8 in comment [-Winvalid-utf8]
 * ע<D2><E2>: ͨ<B9><FD><D0><U+07B8><C4><D5><E2>12<B8><F6><BA>궨<D2><E5>,<BF><C9><D2><D4>֧<B3><D6>USART1~UART7<C8><CE><D2><E2>һ<B8><F6><B4><AE><BF><DA>.
                                                                                       ^
./SYSTEM/usart\usart.h(13): warning: invalid UTF-8 in comment [-Winvalid-utf8]
 * ע<D2><E2>: ͨ<B9><FD><D0><U+07B8><C4><D5><E2>12<B8><F6><BA>궨<D2><E5>,<BF><C9><D2><D4>֧<B3><D6>USART1~UART7<C8><CE><D2><E2>һ<B8><F6><B4><AE><BF><DA>.
                                                                                                           ^
./SYSTEM/usart\usart.h(13): warning: invalid UTF-8 in comment [-Winvalid-utf8]
 * ע<D2><E2>: ͨ<B9><FD><D0><U+07B8><C4><D5><E2>12<B8><F6><BA>궨<D2><E5>,<BF><C9><D2><D4>֧<B3><D6>USART1~UART7<C8><CE><D2><E2>һ<B8><F6><B4><AE><BF><DA>.
                                                                                                                            ^
./SYSTEM/usart\usart.h(17): warning: invalid UTF-8 in comment [-Winvalid-utf8]
#define USART_TX_GPIO_AF                    7                           /* AF<B9><A6><C4><DC>ѡ<D4><F1> */
                                                                             ^
./SYSTEM/usart\usart.h(17): warning: invalid UTF-8 in comment [-Winvalid-utf8]
#define USART_TX_GPIO_AF                    7                           /* AF<B9><A6><C4><DC>ѡ<D4><F1> */
                                                                                              ^
./SYSTEM/usart\usart.h(18): warning: invalid UTF-8 in comment [-Winvalid-utf8]
#define USART_TX_GPIO_CLK_ENABLE()          do{ RCC->AHB1ENR |= 1 << 0; }while(0)   /* PA<BF><DA>ʱ<D6><D3>ʹ<C4><DC> */
                                                                                         ^
./SYSTEM/usart\usart.h(18): warning: invalid UTF-8 in comment [-Winvalid-utf8]
#define USART_TX_GPIO_CLK_ENABLE()          do{ RCC->AHB1ENR |= 1 << 0; }while(0)   /* PA<BF><DA>ʱ<D6><D3>ʹ<C4><DC> */
                                                                                                  ^
./SYSTEM/usart\usart.h(18): warning: invalid UTF-8 in comment [-Winvalid-utf8]
#define USART_TX_GPIO_CLK_ENABLE()          do{ RCC->AHB1ENR |= 1 << 0; }while(0)   /* PA<BF><DA>ʱ<D6><D3>ʹ<C4><DC> */
                                                                                                           ^
./SYSTEM/usart\usart.h(22): warning: invalid UTF-8 in comment [-Winvalid-utf8]
#define USART_RX_GPIO_AF                    7                           /* AF<B9><A6><C4><DC>ѡ<D4><F1> */
                                                                             ^
./SYSTEM/usart\usart.h(22): warning: invalid UTF-8 in comment [-Winvalid-utf8]
#define USART_RX_GPIO_AF                    7                           /* AF<B9><A6><C4><DC>ѡ<D4><F1> */
                                                                                              ^
./SYSTEM/usart\usart.h(23): warning: invalid UTF-8 in comment [-Winvalid-utf8]
#define USART_RX_GPIO_CLK_ENABLE()          do{ RCC->AHB1ENR |= 1 << 0; }while(0)   /* PA<BF><DA>ʱ<D6><D3>ʹ<C4><DC> */
                                                                                         ^
./SYSTEM/usart\usart.h(23): warning: invalid UTF-8 in comment [-Winvalid-utf8]
#define USART_RX_GPIO_CLK_ENABLE()          do{ RCC->AHB1ENR |= 1 << 0; }while(0)   /* PA<BF><DA>ʱ<D6><D3>ʹ<C4><DC> */
                                                                                                  ^
./SYSTEM/usart\usart.h(23): warning: invalid UTF-8 in comment [-Winvalid-utf8]
#define USART_RX_GPIO_CLK_ENABLE()          do{ RCC->AHB1ENR |= 1 << 0; }while(0)   /* PA<BF><DA>ʱ<D6><D3>ʹ<C4><DC> */
                                                                                                           ^
./SYSTEM/usart\usart.h(28): warning: invalid UTF-8 in comment [-Winvalid-utf8]
#define USART_UX_CLK_ENABLE()               do{ RCC->APB2ENR |= 1 << 4; }while(0)   /* USART1 ʱ<D6><D3>ʹ<C4><DC> */
                                                                                               ^
./SYSTEM/usart\usart.h(28): warning: invalid UTF-8 in comment [-Winvalid-utf8]
#define USART_UX_CLK_ENABLE()               do{ RCC->APB2ENR |= 1 << 4; }while(0)   /* USART1 ʱ<D6><D3>ʹ<C4><DC> */
                                                                                                        ^
./SYSTEM/usart\usart.h(33): warning: invalid UTF-8 in comment [-Winvalid-utf8]
#define USART_REC_LEN               200             /* <B6><A8><D2><E5><D7><EE><B4><F3><BD><D3><CA><D5><D7>ֽ<DA><CA><FD> 200 */
                                                       ^
./SYSTEM/usart\usart.h(33): warning: invalid UTF-8 in comment [-Winvalid-utf8]
#define USART_REC_LEN               200             /* <B6><A8><D2><E5><D7><EE><B4><F3><BD><D3><CA><D5><D7>ֽ<DA><CA><FD> 200 */
                                                                                                           ^
./SYSTEM/usart\usart.h(34): warning: invalid UTF-8 in comment [-Winvalid-utf8]
#define USART_EN_RX                 1               /* ʹ<C4>ܣ<A8>1<A3><A9>/<BD><FB>ֹ<A3><A8>0<A3><A9><B4><AE><BF><DA>1<BD><D3><CA><D5> */
                                                        ^
./SYSTEM/usart\usart.h(34): warning: invalid UTF-8 in comment [-Winvalid-utf8]
#define USART_EN_RX                 1               /* ʹ<C4>ܣ<A8>1<A3><A9>/<BD><FB>ֹ<A3><A8>0<A3><A9><B4><AE><BF><DA>1<BD><D3><CA><D5> */
                                                             ^
./SYSTEM/usart\usart.h(34): warning: invalid UTF-8 in comment [-Winvalid-utf8]
#define USART_EN_RX                 1               /* ʹ<C4>ܣ<A8>1<A3><A9>/<BD><FB>ֹ<A3><A8>0<A3><A9><B4><AE><BF><DA>1<BD><D3><CA><D5> */
                                                                  ^
./SYSTEM/usart\usart.h(34): warning: invalid UTF-8 in comment [-Winvalid-utf8]
#define USART_EN_RX                 1               /* ʹ<C4>ܣ<A8>1<A3><A9>/<BD><FB>ֹ<A3><A8>0<A3><A9><B4><AE><BF><DA>1<BD><D3><CA><D5> */
                                                                                   ^
./SYSTEM/usart\usart.h(34): warning: invalid UTF-8 in comment [-Winvalid-utf8]
#define USART_EN_RX                 1               /* ʹ<C4>ܣ<A8>1<A3><A9>/<BD><FB>ֹ<A3><A8>0<A3><A9><B4><AE><BF><DA>1<BD><D3><CA><D5> */
                                                                                            ^
./SYSTEM/usart\usart.h(34): warning: invalid UTF-8 in comment [-Winvalid-utf8]
#define USART_EN_RX                 1               /* ʹ<C4>ܣ<A8>1<A3><A9>/<BD><FB>ֹ<A3><A8>0<A3><A9><B4><AE><BF><DA>1<BD><D3><CA><D5> */
                                                                                                                     ^
./SYSTEM/usart\usart.h(37): warning: invalid UTF-8 in comment [-Winvalid-utf8]
extern uint8_t  g_usart_rx_buf[USART_REC_LEN];      /* <BD><D3><CA>ջ<BA><B3><E5>,<D7><EE><B4><F3>USART_REC_LEN<B8><F6><D7>ֽ<DA>.ĩ<D7>ֽ<DA>Ϊ<BB><BB><D0>з<FB> */
                                                       ^
./SYSTEM/usart\usart.h(37): warning: invalid UTF-8 in comment [-Winvalid-utf8]
extern uint8_t  g_usart_rx_buf[USART_REC_LEN];      /* <BD><D3><CA>ջ<BA><B3><E5>,<D7><EE><B4><F3>USART_REC_LEN<B8><F6><D7>ֽ<DA>.ĩ<D7>ֽ<DA>Ϊ<BB><BB><D0>з<FB> */
                                                                    ^
./SYSTEM/usart\usart.h(37): warning: invalid UTF-8 in comment [-Winvalid-utf8]
extern uint8_t  g_usart_rx_buf[USART_REC_LEN];      /* <BD><D3><CA>ջ<BA><B3><E5>,<D7><EE><B4><F3>USART_REC_LEN<B8><F6><D7>ֽ<DA>.ĩ<D7>ֽ<DA>Ϊ<BB><BB><D0>з<FB> */
                                                                                 ^
./SYSTEM/usart\usart.h(37): warning: invalid UTF-8 in comment [-Winvalid-utf8]
extern uint8_t  g_usart_rx_buf[USART_REC_LEN];      /* <BD><D3><CA>ջ<BA><B3><E5>,<D7><EE><B4><F3>USART_REC_LEN<B8><F6><D7>ֽ<DA>.ĩ<D7>ֽ<DA>Ϊ<BB><BB><D0>з<FB> */
                                                                                                              ^
./SYSTEM/usart\usart.h(37): warning: invalid UTF-8 in comment [-Winvalid-utf8]
extern uint8_t  g_usart_rx_buf[USART_REC_LEN];      /* <BD><D3><CA>ջ<BA><B3><E5>,<D7><EE><B4><F3>USART_REC_LEN<B8><F6><D7>ֽ<DA>.ĩ<D7>ֽ<DA>Ϊ<BB><BB><D0>з<FB> */
                                                                                                                          ^
./SYSTEM/usart\usart.h(37): warning: invalid UTF-8 in comment [-Winvalid-utf8]
extern uint8_t  g_usart_rx_buf[USART_REC_LEN];      /* <BD><D3><CA>ջ<BA><B3><E5>,<D7><EE><B4><F3>USART_REC_LEN<B8><F6><D7>ֽ<DA>.ĩ<D7>ֽ<DA>Ϊ<BB><BB><D0>з<FB> */
                                                                                                                                ^
./SYSTEM/usart\usart.h(37): warning: invalid UTF-8 in comment [-Winvalid-utf8]
extern uint8_t  g_usart_rx_buf[USART_REC_LEN];      /* <BD><D3><CA>ջ<BA><B3><E5>,<D7><EE><B4><F3>USART_REC_LEN<B8><F6><D7>ֽ<DA>.ĩ<D7>ֽ<DA>Ϊ<BB><BB><D0>з<FB> */
                                                                                                                                    ^
./SYSTEM/usart\usart.h(37): warning: invalid UTF-8 in comment [-Winvalid-utf8]
extern uint8_t  g_usart_rx_buf[USART_REC_LEN];      /* <BD><D3><CA>ջ<BA><B3><E5>,<D7><EE><B4><F3>USART_REC_LEN<B8><F6><D7>ֽ<DA>.ĩ<D7>ֽ<DA>Ϊ<BB><BB><D0>з<FB> */
                                                                                                                                         ^
./SYSTEM/usart\usart.h(37): warning: invalid UTF-8 in comment [-Winvalid-utf8]
extern uint8_t  g_usart_rx_buf[USART_REC_LEN];      /* <BD><D3><CA>ջ<BA><B3><E5>,<D7><EE><B4><F3>USART_REC_LEN<B8><F6><D7>ֽ<DA>.ĩ<D7>ֽ<DA>Ϊ<BB><BB><D0>з<FB> */
                                                                                                                                                      ^
./SYSTEM/usart\usart.h(38): warning: invalid UTF-8 in comment [-Winvalid-utf8]
extern uint16_t g_usart_rx_sta;                     /* <BD><D3><CA><D5>״̬<B1><EA><BC><C7> */
                                                       ^
./SYSTEM/usart\usart.h(38): warning: invalid UTF-8 in comment [-Winvalid-utf8]
extern uint16_t g_usart_rx_sta;                     /* <BD><D3><CA><D5>״̬<B1><EA><BC><C7> */
                                                                        ^
./SYSTEM/usart\usart.h(40): warning: invalid UTF-8 in comment [-Winvalid-utf8]
void usart_init(uint32_t sclk, uint32_t baudrate);  /* <B4><AE><BF>ڳ<F5>ʼ<BB><AF><BA><AF><CA><FD> */
                                                       ^
./SYSTEM/usart\usart.h(40): warning: invalid UTF-8 in comment [-Winvalid-utf8]
void usart_init(uint32_t sclk, uint32_t baudrate);  /* <B4><AE><BF>ڳ<F5>ʼ<BB><AF><BA><AF><CA><FD> */
                                                                    ^
./SYSTEM/usart\usart.h(40): warning: invalid UTF-8 in comment [-Winvalid-utf8]
void usart_init(uint32_t sclk, uint32_t baudrate);  /* <B4><AE><BF>ڳ<F5>ʼ<BB><AF><BA><AF><CA><FD> */
                                                                         ^
User/main.c(11): warning: invalid UTF-8 in comment [-Winvalid-utf8]
    sys_stm32_clock_init(336, 8, 2, 7); /* <C9><E8><D6><C3>ʱ<D6><D3>,168Mhz */
                                           ^
User/main.c(11): warning: invalid UTF-8 in comment [-Winvalid-utf8]
    sys_stm32_clock_init(336, 8, 2, 7); /* <C9><E8><D6><C3>ʱ<D6><D3>,168Mhz */
                                                            ^
User/main.c(12): warning: invalid UTF-8 in comment [-Winvalid-utf8]
    uint8_t key_value = 0;              /* <B0><B4><BC><FC>Ĭ<C8><CF>ֵ */
                                           ^
User/main.c(12): warning: invalid UTF-8 in comment [-Winvalid-utf8]
    uint8_t key_value = 0;              /* <B0><B4><BC><FC>Ĭ<C8><CF>ֵ */
                                                            ^
User/main.c(13): warning: invalid UTF-8 in comment [-Winvalid-utf8]
    delay_init(168);                    /* <D1><D3>ʱ<B3><F5>ʼ<BB><AF> */
                                           ^
User/main.c(13): warning: invalid UTF-8 in comment [-Winvalid-utf8]
    delay_init(168);                    /* <D1><D3>ʱ<B3><F5>ʼ<BB><AF> */
                                                    ^
User/main.c(13): warning: invalid UTF-8 in comment [-Winvalid-utf8]
    delay_init(168);                    /* <D1><D3>ʱ<B3><F5>ʼ<BB><AF> */
                                                             ^
User/main.c(14): warning: invalid UTF-8 in comment [-Winvalid-utf8]
    led_init();                         /* <B3><F5>ʼ<BB><AF>LED */
                                           ^
User/main.c(14): warning: invalid UTF-8 in comment [-Winvalid-utf8]
    led_init();                         /* <B3><F5>ʼ<BB><AF>LED */
                                                    ^
User/main.c(18): warning: invalid UTF-8 in comment [-Winvalid-utf8]
    LED0(0); /* LED0 <C1><C1> */
                     ^
User/main.c(19): warning: invalid UTF-8 in comment [-Winvalid-utf8]
    LED1(1); /* LED1 <C3><F0> */
                     ^
User/main.c(21): warning: invalid UTF-8 in comment [-Winvalid-utf8]
    LED0(1); /* LED0 <C3><F0> */
                     ^
User/main.c(22): warning: invalid UTF-8 in comment [-Winvalid-utf8]
    LED1(0); /* LED1 <C1><C1> */
                     ^
User/main.c(26): warning: invalid UTF-8 in comment [-Winvalid-utf8]
    key_value = key_scan(0); /* ɨ<C3>谴<BC><FC> */
                                 ^
User/main.c(26): warning: invalid UTF-8 in comment [-Winvalid-utf8]
    key_value = key_scan(0); /* ɨ<C3>谴<BC><FC> */
                                       ^
User/main.c(32): warning: invalid UTF-8 in comment [-Winvalid-utf8]
        case KEY0_PRES: /* KEY0 <B0><B4><CF><C2> */
                                ^
User/main.c(37): warning: invalid UTF-8 in comment [-Winvalid-utf8]
        case KEY1_PRES: /* KEY1 <B0><B4><CF><C2> */
                                ^
User/main.c(12): warning: mixing declarations and code is a C99 extension [-Wdeclaration-after-statement]
    uint8_t key_value = 0;              /* <B0><B4><BC><FC>Ĭ<C8><CF>ֵ */
            ^
User/main.c(1): warning: In file included from...
./HARDWARE\./BEEP/beep.h(4): warning: In file included from...
./SYSTEM/sys\sys.h(62): warning: unused function 'sys_nvic_priority_group_config' [-Wunused-function]
static void sys_nvic_priority_group_config(uint8_t group);                      /* <C9><E8><D6><C3>NVIC<B7><D6><D7><E9> */
            ^
178 warnings generated.
compiling main.c...
linking...
Program Size: Code=2796 RO-data=424 RW-data=8 ZI-data=1328  
FromELF: creating hex file...
".\Objects\key_switch.axf" - 0 Error(s), 178 Warning(s).

<h2>Software Packages used:</h2>

Package Vendor: Keil
                https://www.keil.com/pack/Keil.STM32F4xx_DFP.2.17.1.pack
                Keil.STM32F4xx_DFP.2.17.1
                STMicroelectronics STM32F4 Series Device Support, Drivers and Examples

<h2>Collection of Component include folders:</h2>
  C:/Keil_v5/ARM/PACK/Keil/STM32F4xx_DFP/2.17.1/Drivers/CMSIS/Device/ST/STM32F4xx/Include

<h2>Collection of Component Files used:</h2>
Build Time Elapsed:  00:00:02
</pre>
</body>
</html>
